// Jest Snapshot v1, https://goo.gl/fbAQLP

exports[`<HelloWorld/> renders with the default 'Hello World!' message 1`] = `
<h1
  class="sc-bcXHqe gQSvAQ"
>
  Hello World!
</h1>
`;
